[45-in-1-sensor-kit.readthedocs.io/en/latest/index.html]
[backblue.gif]
[fade.gif]
[index.html]
[45-in-1-sensor-kit.readthedocs.io/en/latest/_static/pygments0de2.css]
[45-in-1-sensor-kit.readthedocs.io/en/latest/_static/css/themeadc2.css]
[45-in-1-sensor-kit.readthedocs.io/en/latest/_static/jquery3b25.js]
[45-in-1-sensor-kit.readthedocs.io/en/latest/_static/_sphinx_javascript_frameworks_compatfa9a.js]
[45-in-1-sensor-kit.readthedocs.io/en/latest/_static/documentation_options0b7c.js]
[45-in-1-sensor-kit.readthedocs.io/en/latest/_static/doctools56c1.js]
[45-in-1-sensor-kit.readthedocs.io/en/latest/_static/sphinx_highlight7f57.js]
[45-in-1-sensor-kit.readthedocs.io/en/latest/_static/js/theme.js]
[45-in-1-sensor-kit.readthedocs.io/en/latest/genindex.html]
[45-in-1-sensor-kit.readthedocs.io/en/latest/search.html]
[45-in-1-sensor-kit.readthedocs.io/en/latest/Introduction.html]
[45-in-1-sensor-kit.readthedocs.io/_/static/javascript/readthedocs-addons.js]
[45-in-1-sensor-kit.readthedocs.io/en/latest/component_list.html]
[45-in-1-sensor-kit.readthedocs.io/en/latest/1.rgb_led.html]
[45-in-1-sensor-kit.readthedocs.io/en/latest/2.smd_rgb.html]
[45-in-1-sensor-kit.readthedocs.io/en/latest/3.7_color_flash.html]
[45-in-1-sensor-kit.readthedocs.io/en/latest/4.laser_module.html]
[45-in-1-sensor-kit.readthedocs.io/en/latest/5.ir_transmitters.html]
[45-in-1-sensor-kit.readthedocs.io/en/latest/6.ir_receiver.html]
[45-in-1-sensor-kit.readthedocs.io/en/latest/7.dht11_module.html]
[45-in-1-sensor-kit.readthedocs.io/en/latest/8.double_color_led.html]
[45-in-1-sensor-kit.readthedocs.io/en/latest/9.mini_double_color_led.html]
[45-in-1-sensor-kit.readthedocs.io/en/latest/10.light_cup.html]
[45-in-1-sensor-kit.readthedocs.io/en/latest/11.active_buzzer.html]
[45-in-1-sensor-kit.readthedocs.io/en/latest/12.passtive_buzzer.html]
[45-in-1-sensor-kit.readthedocs.io/en/latest/13.analog_temperature.html]
[45-in-1-sensor-kit.readthedocs.io/en/latest/14.photoresistor_module.html]
[45-in-1-sensor-kit.readthedocs.io/en/latest/15.ds18b20_sensor.html]
[45-in-1-sensor-kit.readthedocs.io/en/latest/16.shock_sensor.html]
[45-in-1-sensor-kit.readthedocs.io/en/latest/17.pulse_rate_monitor.html]
[45-in-1-sensor-kit.readthedocs.io/en/latest/18.button.html]
[45-in-1-sensor-kit.readthedocs.io/en/latest/19.rotary_encoder.html]
[45-in-1-sensor-kit.readthedocs.io/en/latest/20.Joystick.html]
[45-in-1-sensor-kit.readthedocs.io/en/latest/21.tilt_switch.html]
[45-in-1-sensor-kit.readthedocs.io/en/latest/22.ky-035_hall_sensor.html]
[45-in-1-sensor-kit.readthedocs.io/en/latest/23.tap_module.html]
[45-in-1-sensor-kit.readthedocs.io/en/latest/24.ky-003_hall_sensor.html]
[45-in-1-sensor-kit.readthedocs.io/en/latest/25.mercury_tilt_switch.html]
[45-in-1-sensor-kit.readthedocs.io/en/latest/26.reed_switch.html]
[45-in-1-sensor-kit.readthedocs.io/en/latest/27.photo_interrupter_module.html]
[45-in-1-sensor-kit.readthedocs.io/en/latest/28.line_tracking_sensor_module.html]
[45-in-1-sensor-kit.readthedocs.io/en/latest/29.infrared_obstacle_avoidance_sensor_module.html]
[45-in-1-sensor-kit.readthedocs.io/en/latest/30.relay.html]
[45-in-1-sensor-kit.readthedocs.io/en/latest/31.breadboard_power_supply_module.html]
[45-in-1-sensor-kit.readthedocs.io/en/latest/32.linear_magnetic_hall_module.html]
[45-in-1-sensor-kit.readthedocs.io/en/latest/33.metal_touch_sensor_module.html]
[45-in-1-sensor-kit.readthedocs.io/en/latest/34.flame_sensor_module.html]
[45-in-1-sensor-kit.readthedocs.io/en/latest/35.digital_temperature_sensor_module.html]
[45-in-1-sensor-kit.readthedocs.io/en/latest/36.reed_switch_module.html]
[45-in-1-sensor-kit.readthedocs.io/en/latest/37.high_sensitivity_sound_detection_module.html]
[45-in-1-sensor-kit.readthedocs.io/en/latest/38.microphone_sound_sensor_module.html]
[45-in-1-sensor-kit.readthedocs.io/en/latest/39.water_level_sensor.html]
[45-in-1-sensor-kit.readthedocs.io/en/latest/40.gy521_module.html]
[45-in-1-sensor-kit.readthedocs.io/en/latest/41.mp1854en.html]
[45-in-1-sensor-kit.readthedocs.io/en/latest/42.soil_moisture_sensor.html]
[45-in-1-sensor-kit.readthedocs.io/en/latest/43.ds1302_rtc_module.html]
[45-in-1-sensor-kit.readthedocs.io/en/latest/44.sd_card_info.html]
[45-in-1-sensor-kit.readthedocs.io/en/latest/index.html]
[45-in-1-sensor-kit.readthedocs.io/en/latest/_static/pygments0de2.css]
[45-in-1-sensor-kit.readthedocs.io/en/latest/45.ultrasonic_module.html]
[45-in-1-sensor-kit.readthedocs.io/en/latest/_static/css/fonts/fontawesome-webfont2967.eot]
[45-in-1-sensor-kit.readthedocs.io/en/latest/_static/css/fonts/fontawesome-webfontfb78.eot]
[45-in-1-sensor-kit.readthedocs.io/en/latest/_static/css/fonts/fontawesome-webfontbb99.woff2]
[45-in-1-sensor-kit.readthedocs.io/en/latest/_static/css/fonts/fontawesome-webfontce29.woff]
[45-in-1-sensor-kit.readthedocs.io/en/latest/_static/css/fonts/fontawesome-webfont1bb7.ttf]
[45-in-1-sensor-kit.readthedocs.io/en/latest/_static/css/fonts/fontawesome-webfont2f98.svg]
[45-in-1-sensor-kit.readthedocs.io/en/latest/_static/css/fonts/lato-normal96f5.woff2]
[45-in-1-sensor-kit.readthedocs.io/en/latest/_static/css/fonts/lato-normal86b9.woff]
[45-in-1-sensor-kit.readthedocs.io/en/latest/_static/css/fonts/lato-bold9f03.woff2]
[45-in-1-sensor-kit.readthedocs.io/en/latest/_static/css/fonts/lato-bolda132.woff]
[45-in-1-sensor-kit.readthedocs.io/en/latest/_static/css/fonts/lato-bold-italic01fb.woff2]
[45-in-1-sensor-kit.readthedocs.io/en/latest/_static/css/fonts/lato-bold-italic08c2.woff]
[45-in-1-sensor-kit.readthedocs.io/en/latest/_static/css/fonts/lato-normal-italicd12e.woff2]
[45-in-1-sensor-kit.readthedocs.io/en/latest/_static/css/fonts/lato-normal-italic9875.woff]
[45-in-1-sensor-kit.readthedocs.io/en/latest/_static/css/fonts/Roboto-Slab-Regular2a4d.woff2]
[45-in-1-sensor-kit.readthedocs.io/en/latest/_static/css/fonts/Roboto-Slab-Regular4c99.woff]
[45-in-1-sensor-kit.readthedocs.io/en/latest/_static/css/fonts/Roboto-Slab-Bold1abf.woff2]
[45-in-1-sensor-kit.readthedocs.io/en/latest/_static/css/fonts/Roboto-Slab-Boldff6a.woff]
[45-in-1-sensor-kit.readthedocs.io/en/latest/_static/css/themeadc2.css]
[45-in-1-sensor-kit.readthedocs.io/en/latest/genindex.html]
[45-in-1-sensor-kit.readthedocs.io/en/latest/index-2.html]
[45-in-1-sensor-kit.readthedocs.io/en/latest/_static/searchtools.js]
[45-in-1-sensor-kit.readthedocs.io/en/latest/_static/language_data.js]
[45-in-1-sensor-kit.readthedocs.io/en/latest/search.html]
[45-in-1-sensor-kit.readthedocs.io/en/latest/searchindex.js]
[45-in-1-sensor-kit.readthedocs.io/en/latest/_images/List.jpg]
[45-in-1-sensor-kit.readthedocs.io/en/latest/Introduction.html]
[45-in-1-sensor-kit.readthedocs.io/en/latest/_images/List2.jpg]
[45-in-1-sensor-kit.readthedocs.io/en/latest/component_list.html]
[45-in-1-sensor-kit.readthedocs.io/en/latest/_images/1_bb.png]
[45-in-1-sensor-kit.readthedocs.io/en/latest/_images/1.jpg]
[45-in-1-sensor-kit.readthedocs.io/en/latest/1.rgb_led.html]
[45-in-1-sensor-kit.readthedocs.io/en/latest/_images/2_bb.png]
[45-in-1-sensor-kit.readthedocs.io/en/latest/2.smd_rgb.html]
[45-in-1-sensor-kit.readthedocs.io/en/latest/_images/2.jpg]
[45-in-1-sensor-kit.readthedocs.io/en/latest/_images/3_bb.png]
[45-in-1-sensor-kit.readthedocs.io/en/latest/_images/3.jpg]
[45-in-1-sensor-kit.readthedocs.io/en/latest/3.7_color_flash.html]
[45-in-1-sensor-kit.readthedocs.io/en/latest/_images/4_bb.png]
[45-in-1-sensor-kit.readthedocs.io/en/latest/_images/4.jpg]
[45-in-1-sensor-kit.readthedocs.io/en/latest/4.laser_module.html]
[45-in-1-sensor-kit.readthedocs.io/en/latest/_images/5_bb.png]
[45-in-1-sensor-kit.readthedocs.io/en/latest/_images/5.jpg]
[45-in-1-sensor-kit.readthedocs.io/en/latest/5.ir_transmitters.html]
[45-in-1-sensor-kit.readthedocs.io/en/latest/_images/6_bb.png]
[45-in-1-sensor-kit.readthedocs.io/en/latest/_images/6.jpg]
[45-in-1-sensor-kit.readthedocs.io/en/latest/6.ir_receiver.html]
[45-in-1-sensor-kit.readthedocs.io/en/latest/_images/7_bb.png]
[45-in-1-sensor-kit.readthedocs.io/en/latest/_images/7.jpg]
[45-in-1-sensor-kit.readthedocs.io/en/latest/7.dht11_module.html]
[45-in-1-sensor-kit.readthedocs.io/en/latest/_images/8_bb.png]
[45-in-1-sensor-kit.readthedocs.io/en/latest/_images/8.jpg]
[45-in-1-sensor-kit.readthedocs.io/en/latest/8.double_color_led.html]
[45-in-1-sensor-kit.readthedocs.io/en/latest/_images/9_bb.png]
[45-in-1-sensor-kit.readthedocs.io/en/latest/9.mini_double_color_led.html]
[45-in-1-sensor-kit.readthedocs.io/en/latest/_images/9.jpg]
[45-in-1-sensor-kit.readthedocs.io/en/latest/_images/10_bb.png]
[45-in-1-sensor-kit.readthedocs.io/en/latest/_images/10.jpg]
[45-in-1-sensor-kit.readthedocs.io/en/latest/10.light_cup.html]
[45-in-1-sensor-kit.readthedocs.io/en/latest/_images/11_bb.png]
[45-in-1-sensor-kit.readthedocs.io/en/latest/11.active_buzzer.html]
[45-in-1-sensor-kit.readthedocs.io/en/latest/_images/11.jpg]
[45-in-1-sensor-kit.readthedocs.io/en/latest/_images/12_bb.png]
[45-in-1-sensor-kit.readthedocs.io/en/latest/_images/12.jpg]
[45-in-1-sensor-kit.readthedocs.io/en/latest/12.passtive_buzzer.html]
[45-in-1-sensor-kit.readthedocs.io/en/latest/_images/13_bb.png]
[45-in-1-sensor-kit.readthedocs.io/en/latest/_images/13.jpg]
[45-in-1-sensor-kit.readthedocs.io/en/latest/13.analog_temperature.html]
[45-in-1-sensor-kit.readthedocs.io/en/latest/_images/14_bb.png]
[45-in-1-sensor-kit.readthedocs.io/en/latest/_images/14.jpg]
[45-in-1-sensor-kit.readthedocs.io/en/latest/14.photoresistor_module.html]
[45-in-1-sensor-kit.readthedocs.io/en/latest/_images/15_bb.png]
[45-in-1-sensor-kit.readthedocs.io/en/latest/_images/15.jpg]
[45-in-1-sensor-kit.readthedocs.io/en/latest/15.ds18b20_sensor.html]
[45-in-1-sensor-kit.readthedocs.io/en/latest/_images/16_bb.png]
[45-in-1-sensor-kit.readthedocs.io/en/latest/_images/16.jpg]
[45-in-1-sensor-kit.readthedocs.io/en/latest/16.shock_sensor.html]
[45-in-1-sensor-kit.readthedocs.io/en/latest/_images/17_bb.png]
[45-in-1-sensor-kit.readthedocs.io/en/latest/_images/17.jpg]
[45-in-1-sensor-kit.readthedocs.io/en/latest/17.pulse_rate_monitor.html]
[45-in-1-sensor-kit.readthedocs.io/en/latest/_images/18_bb.png]
[45-in-1-sensor-kit.readthedocs.io/en/latest/_images/18.jpg]
[45-in-1-sensor-kit.readthedocs.io/en/latest/18.button.html]
[45-in-1-sensor-kit.readthedocs.io/en/latest/_images/19_bb.png]
[45-in-1-sensor-kit.readthedocs.io/en/latest/19.rotary_encoder.html]
[45-in-1-sensor-kit.readthedocs.io/en/latest/_images/19.jpg]
[45-in-1-sensor-kit.readthedocs.io/en/latest/_images/20_bb.png]
[45-in-1-sensor-kit.readthedocs.io/en/latest/_images/20.jpg]
[45-in-1-sensor-kit.readthedocs.io/en/latest/20.Joystick.html]
[45-in-1-sensor-kit.readthedocs.io/en/latest/_images/21_bb.png]
[45-in-1-sensor-kit.readthedocs.io/en/latest/_images/21.jpg]
[45-in-1-sensor-kit.readthedocs.io/en/latest/21.tilt_switch.html]
[45-in-1-sensor-kit.readthedocs.io/en/latest/_images/22_bb.png]
[45-in-1-sensor-kit.readthedocs.io/en/latest/_images/22.jpg]
[45-in-1-sensor-kit.readthedocs.io/en/latest/22.ky-035_hall_sensor.html]
[45-in-1-sensor-kit.readthedocs.io/en/latest/_images/23_bb.png]
[45-in-1-sensor-kit.readthedocs.io/en/latest/_images/23.jpg]
[45-in-1-sensor-kit.readthedocs.io/en/latest/23.tap_module.html]
[45-in-1-sensor-kit.readthedocs.io/en/latest/_images/24_bb.png]
[45-in-1-sensor-kit.readthedocs.io/en/latest/_images/24.jpg]
[45-in-1-sensor-kit.readthedocs.io/en/latest/24.ky-003_hall_sensor.html]
[45-in-1-sensor-kit.readthedocs.io/en/latest/_images/25_bb.png]
[45-in-1-sensor-kit.readthedocs.io/en/latest/25.mercury_tilt_switch.html]
[45-in-1-sensor-kit.readthedocs.io/en/latest/_images/25.jpg]
[45-in-1-sensor-kit.readthedocs.io/en/latest/_images/26_bb.png]
[45-in-1-sensor-kit.readthedocs.io/en/latest/_images/26.jpg]
[45-in-1-sensor-kit.readthedocs.io/en/latest/26.reed_switch.html]
[45-in-1-sensor-kit.readthedocs.io/en/latest/_images/27_bb.png]
[45-in-1-sensor-kit.readthedocs.io/en/latest/_images/27.jpg]
[45-in-1-sensor-kit.readthedocs.io/en/latest/27.photo_interrupter_module.html]
[45-in-1-sensor-kit.readthedocs.io/en/latest/_images/28_bb.png]
[45-in-1-sensor-kit.readthedocs.io/en/latest/28.line_tracking_sensor_module.html]
[45-in-1-sensor-kit.readthedocs.io/en/latest/_images/28.jpg]
[45-in-1-sensor-kit.readthedocs.io/en/latest/_images/29_bb.png]
[45-in-1-sensor-kit.readthedocs.io/en/latest/_images/29.jpg]
[45-in-1-sensor-kit.readthedocs.io/en/latest/29.infrared_obstacle_avoidance_sensor_module.html]
[45-in-1-sensor-kit.readthedocs.io/en/latest/_images/30_bb.png]
[45-in-1-sensor-kit.readthedocs.io/en/latest/_images/30.jpg]
[45-in-1-sensor-kit.readthedocs.io/en/latest/30.relay.html]
[45-in-1-sensor-kit.readthedocs.io/en/latest/_images/31-1.jpg]
[45-in-1-sensor-kit.readthedocs.io/en/latest/31.breadboard_power_supply_module.html]
[45-in-1-sensor-kit.readthedocs.io/en/latest/_images/31-2.jpg]
[45-in-1-sensor-kit.readthedocs.io/en/latest/_images/32_bb.png]
[45-in-1-sensor-kit.readthedocs.io/en/latest/_images/32.jpg]
[45-in-1-sensor-kit.readthedocs.io/en/latest/32.linear_magnetic_hall_module.html]
[45-in-1-sensor-kit.readthedocs.io/en/latest/_images/33_bb.png]
[45-in-1-sensor-kit.readthedocs.io/en/latest/33.metal_touch_sensor_module.html]
[45-in-1-sensor-kit.readthedocs.io/en/latest/_images/33.jpg]
[45-in-1-sensor-kit.readthedocs.io/en/latest/_images/34_bb.png]
[45-in-1-sensor-kit.readthedocs.io/en/latest/34.flame_sensor_module.html]
[45-in-1-sensor-kit.readthedocs.io/en/latest/_images/34.jpg]
[45-in-1-sensor-kit.readthedocs.io/en/latest/_images/35_bb.png]
[45-in-1-sensor-kit.readthedocs.io/en/latest/_images/35.jpg]
[45-in-1-sensor-kit.readthedocs.io/en/latest/35.digital_temperature_sensor_module.html]
[45-in-1-sensor-kit.readthedocs.io/en/latest/_images/36_bb.png]
[45-in-1-sensor-kit.readthedocs.io/en/latest/_images/36.jpg]
[45-in-1-sensor-kit.readthedocs.io/en/latest/36.reed_switch_module.html]
[45-in-1-sensor-kit.readthedocs.io/en/latest/_images/37_bb.png]
[45-in-1-sensor-kit.readthedocs.io/en/latest/_images/37.jpg]
[45-in-1-sensor-kit.readthedocs.io/en/latest/37.high_sensitivity_sound_detection_module.html]
[45-in-1-sensor-kit.readthedocs.io/en/latest/_images/38_bb.png]
[45-in-1-sensor-kit.readthedocs.io/en/latest/_images/38.jpg]
[45-in-1-sensor-kit.readthedocs.io/en/latest/38.microphone_sound_sensor_module.html]
[45-in-1-sensor-kit.readthedocs.io/en/latest/_images/39_bb.png]
[45-in-1-sensor-kit.readthedocs.io/en/latest/39.water_level_sensor.html]
[45-in-1-sensor-kit.readthedocs.io/en/latest/_images/39.jpg]
[45-in-1-sensor-kit.readthedocs.io/en/latest/_images/40_bb.png]
[45-in-1-sensor-kit.readthedocs.io/en/latest/40.gy521_module.html]
[45-in-1-sensor-kit.readthedocs.io/en/latest/_images/40.jpg]
[45-in-1-sensor-kit.readthedocs.io/en/latest/_images/41-1.jpg]
[45-in-1-sensor-kit.readthedocs.io/en/latest/_images/41-2.jpg]
[45-in-1-sensor-kit.readthedocs.io/en/latest/41.mp1854en.html]
[45-in-1-sensor-kit.readthedocs.io/en/latest/_images/42_bb.png]
[45-in-1-sensor-kit.readthedocs.io/en/latest/_images/42.jpg]
[45-in-1-sensor-kit.readthedocs.io/en/latest/42.soil_moisture_sensor.html]
[45-in-1-sensor-kit.readthedocs.io/en/latest/_images/43_bb.png]
[45-in-1-sensor-kit.readthedocs.io/en/latest/_images/43-2.png]
[45-in-1-sensor-kit.readthedocs.io/en/latest/43.ds1302_rtc_module.html]
[45-in-1-sensor-kit.readthedocs.io/en/latest/_images/43.jpg]
[45-in-1-sensor-kit.readthedocs.io/en/latest/_images/44_bb.png]
[45-in-1-sensor-kit.readthedocs.io/en/latest/_images/44.jpg]
[45-in-1-sensor-kit.readthedocs.io/en/latest/44.sd_card_info.html]
[45-in-1-sensor-kit.readthedocs.io/en/latest/_images/45_bb.png]
[45-in-1-sensor-kit.readthedocs.io/en/latest/_images/45.jpg]
[45-in-1-sensor-kit.readthedocs.io/en/latest/45.ultrasonic_module.html]
[45-in-1-sensor-kit.readthedocs.io/en/latest/_static/css/fonts/fontawesome-webfont2f98.svg]
[45-in-1-sensor-kit.readthedocs.io/en/latest/index-2.html]
